// Jest Snapshot v1, https://goo.gl/fbAQLP

exports[`Pruebas en first app  debe de hacer match con el snapshot 1`] = `
<div>
  <h1
    data-testid="test-title"
  >
    Hola, soy goku
  </h1>
  <p>
     
    No hay subtitulo
     
  </p>
  <p>
     
    Pablo Gonzalez
     
  </p>
</div>
`;
